<html>
<body>
<pre>
<h1>µVision Build Log</h1>
<h2>Tool Versions:</h2>
IDE-Version: ¦ÌVision V5.18.0.0
Copyright (C) 2016 ARM Ltd and ARM Germany GmbH. All rights reserved.
License Information: aaa Microsoft, Microsoft, LIC=GE7BS-LSGHK-TK9B9-4SYWD-RT75P-GN3ZY
 
Tool Versions:
Toolchain:       MDK-ARM Professional  Version: 5.18
Toolchain Path:  D:\Keil_v5\ARM\ARMCC\Bin
C Compiler:      Armcc.exe V5.06 update 1 (build 61)
Assembler:       Armasm.exe V5.06 update 1 (build 61)
Linker/Locator:  ArmLink.exe V5.06 update 1 (build 61)
Library Manager: ArmAr.exe V5.06 update 1 (build 61)
Hex Converter:   FromElf.exe V5.06 update 1 (build 61)
CPU DLL:         SARMCM3.DLL V5.18
Dialog DLL:      DCM.DLL V1.13.6.0
Target DLL:      Segger\JL2CM3.dll V2.99.18.0
Dialog DLL:      TCM.DLL V1.14.8.0
 
<h2>Project:</h2>
C:\Users\Administrator\Desktop\STM32F103\stm32.uvprojx
Project File Date:  12/04/2016

<h2>Output:</h2>
*** Using Compiler 'V5.06 update 1 (build 61)', folder: 'D:\Keil_v5\ARM\ARMCC\Bin'
Build target 'Target 1'
compiling main.c...
user\main.c(6): warning:  #951-D: return type of function "main" must be "int"
  void main(){
user\main.c(7): warning:  #223-D: function "system_clk_set" declared implicitly
  	system_clk_set();
user\main.c(25): warning:  #223-D: function "usart1_init" declared implicitly
  	usart1_init();
user\main.c(26): warning:  #223-D: function "uprintf" declared implicitly
  	uprintf(USART1,"hello,world!\n");
user\main.c(31): warning:  #111-D: statement is unreachable
  	return ;
user\main.c: 5 warnings, 0 errors
linking...
Program Size: Code=8100 RO-data=784 RW-data=24 ZI-data=1632  
FromELF: creating hex file...
".\Objects\stm32.axf" - 0 Error(s), 5 Warning(s).

<h2>Collection of Component include folders:</h2>
  C:\Users\Administrator\Desktop\STM32F103\RTE
  D:\Keil_v5\ARM\PACK\Keil\STM32F1xx_DFP\2.1.0\Device\Include

<h2>Collection of Component Files used:</h2>
Build Time Elapsed:  00:00:01
</pre>
</body>
</html>
